  AudioManager.cpp
  AudioManager.hpp
  BackgroundManager.cpp
C:\Users\polmd\Documents\GitHub\Metal-Slug\Solution\Project1\BackgroundManager.cpp(135,45): warning C4244: '=': conversion from 'double' to 'float', possible loss of data
  Bullet.cpp
C:\Users\polmd\Documents\GitHub\Metal-Slug\Solution\Project1\Bullet.cpp(6,16): warning C4244: '=': conversion from 'int' to 'float', possible loss of data
C:\Users\polmd\Documents\GitHub\Metal-Slug\Solution\Project1\Bullet.cpp(7,21): warning C4244: '=': conversion from 'int' to 'float', possible loss of data
C:\Users\polmd\Documents\GitHub\Metal-Slug\Solution\Project1\Bullet.cpp(8,21): warning C4244: '=': conversion from 'int' to 'float', possible loss of data
  BulletAnim.cpp
  CameraManager.cpp
  game.cpp
C:\Users\polmd\Documents\GitHub\Metal-Slug\Solution\Project1\game.cpp(63,16): warning C4244: 'initializing': conversion from 'double' to 'float', possible loss of data
C:\Users\polmd\Documents\GitHub\Metal-Slug\Solution\Project1\game.cpp(66,16): warning C4244: 'initializing': conversion from 'double' to 'float', possible loss of data
  Grenade.cpp
  item.cpp
  LevelMap.cpp
C:\Users\polmd\Documents\GitHub\Metal-Slug\Solution\Project1\LevelMap.cpp(42,55): warning C4244: 'argument': conversion from 'float' to 'int', possible loss of data
C:\Users\polmd\Documents\GitHub\Metal-Slug\Solution\Project1\LevelMap.cpp(42,43): warning C4244: 'argument': conversion from 'float' to 'int', possible loss of data
C:\Users\polmd\Documents\GitHub\Metal-Slug\Solution\Project1\LevelMap.cpp(42,35): warning C4244: 'argument': conversion from 'float' to 'int', possible loss of data
C:\Users\polmd\Documents\GitHub\Metal-Slug\Solution\Project1\LevelMap.cpp(42,27): warning C4244: 'argument': conversion from 'float' to 'int', possible loss of data
C:\Users\polmd\Documents\GitHub\Metal-Slug\Solution\Project1\LevelMap.cpp(45,76): warning C4244: 'argument': conversion from 'float' to 'int', possible loss of data
C:\Users\polmd\Documents\GitHub\Metal-Slug\Solution\Project1\LevelMap.cpp(45,55): warning C4244: 'argument': conversion from 'float' to 'int', possible loss of data
C:\Users\polmd\Documents\GitHub\Metal-Slug\Solution\Project1\LevelMap.cpp(45,33): warning C4244: 'argument': conversion from 'float' to 'int', possible loss of data
C:\Users\polmd\Documents\GitHub\Metal-Slug\Solution\Project1\LevelMap.cpp(45,22): warning C4244: 'argument': conversion from 'float' to 'int', possible loss of data
C:\Users\polmd\Documents\GitHub\Metal-Slug\Solution\Project1\LevelMap.cpp(49,55): warning C4244: 'argument': conversion from 'float' to 'int', possible loss of data
C:\Users\polmd\Documents\GitHub\Metal-Slug\Solution\Project1\LevelMap.cpp(49,43): warning C4244: 'argument': conversion from 'float' to 'int', possible loss of data
C:\Users\polmd\Documents\GitHub\Metal-Slug\Solution\Project1\LevelMap.cpp(49,35): warning C4244: 'argument': conversion from 'float' to 'int', possible loss of data
C:\Users\polmd\Documents\GitHub\Metal-Slug\Solution\Project1\LevelMap.cpp(49,27): warning C4244: 'argument': conversion from 'float' to 'int', possible loss of data
  main.cpp
  Player.cpp
  playerAnim.cpp
  SceneManager.cpp
C:\Users\polmd\Documents\GitHub\Metal-Slug\Solution\Project1\SceneManager.cpp(201,18): warning C4244: 'initializing': conversion from 'int' to 'float', possible loss of data
C:\Users\polmd\Documents\GitHub\Metal-Slug\Solution\Project1\SceneManager.cpp(202,18): warning C4244: 'initializing': conversion from 'int' to 'float', possible loss of data
C:\Users\polmd\Documents\GitHub\Metal-Slug\Solution\Project1\SceneManager.cpp(203,18): warning C4244: 'initializing': conversion from 'int' to 'float', possible loss of data
C:\Users\polmd\Documents\GitHub\Metal-Slug\Solution\Project1\SceneManager.cpp(204,18): warning C4244: 'initializing': conversion from 'int' to 'float', possible loss of data
C:\Users\polmd\Documents\GitHub\Metal-Slug\Solution\Project1\SceneManager.cpp(255,20): warning C4244: 'initializing': conversion from 'float' to 'int', possible loss of data
C:\Users\polmd\Documents\GitHub\Metal-Slug\Solution\Project1\SceneManager.cpp(271,16): warning C4244: 'initializing': conversion from 'float' to 'int', possible loss of data
  Soldier.cpp
  SoldierAnim.cpp
  UiManager.cpp
C:\Users\polmd\Documents\GitHub\Metal-Slug\Solution\Project1\UiManager.cpp(160,27): warning C4838: conversion from 'int' to 'float' requires a narrowing conversion
C:\Users\polmd\Documents\GitHub\Metal-Slug\Solution\Project1\UiManager.cpp(160,27): warning C4244: 'initializing': conversion from 'int' to 'float', possible loss of data
C:\Users\polmd\Documents\GitHub\Metal-Slug\Solution\Project1\UiManager.cpp(193,27): warning C4838: conversion from 'int' to 'float' requires a narrowing conversion
C:\Users\polmd\Documents\GitHub\Metal-Slug\Solution\Project1\UiManager.cpp(193,27): warning C4244: 'initializing': conversion from 'int' to 'float', possible loss of data
C:\Users\polmd\Documents\GitHub\Metal-Slug\Solution\Project1\UiManager.cpp(318,31): warning C4838: conversion from 'int' to 'float' requires a narrowing conversion
C:\Users\polmd\Documents\GitHub\Metal-Slug\Solution\Project1\UiManager.cpp(318,31): warning C4244: 'initializing': conversion from 'int' to 'float', possible loss of data
  Generating Code...
x64\Debug\AudioManager.obj : warning LNK4042: object specified more than once; extras ignored
LINK : warning LNK4098: defaultlib 'MSVCRT' conflicts with use of other libs; use /NODEFAULTLIB:library
  Project1.vcxproj -> C:\Users\polmd\Documents\GitHub\Metal-Slug\Solution\x64\Debug\Project1.exe
